  FileName.cpp
C:\Users\Student\Documents\GitHub\MCG\Client\Text-To-Speech\Additional Catalog\miniaudio-0.11.25\miniaudio.h(80532,82): warning C4244: =: преобразование "ma_uint64" в "ma_uint32", возможна потеря данных
  (компиляция исходного файла "FileName.cpp")
  
C:\Users\Student\Documents\GitHub\MCG\Client\Text-To-Speech\FileName.cpp(540,46): warning C4566: символ, представленный универсальным именем символа "\u2705", невозможно представить в текущей кодовой странице (1251)
C:\Users\Student\Documents\GitHub\MCG\Client\Text-To-Speech\FileName.cpp(543,46): warning C4566: символ, представленный универсальным именем символа "\u2705", невозможно представить в текущей кодовой странице (1251)
C:\Users\Student\Documents\GitHub\MCG\Client\Text-To-Speech\FileName.cpp(549,38): warning C4566: символ, представленный универсальным именем символа "\u2705", невозможно представить в текущей кодовой странице (1251)
C:\Users\Student\Documents\GitHub\MCG\Client\Text-To-Speech\FileName.cpp(553,38): warning C4566: символ, представленный универсальным именем символа "\u2705", невозможно представить в текущей кодовой странице (1251)
C:\Users\Student\Documents\GitHub\MCG\Client\Text-To-Speech\FileName.cpp(557,38): warning C4566: символ, представленный универсальным именем символа "\u2705", невозможно представить в текущей кодовой странице (1251)
C:\Users\Student\Documents\GitHub\MCG\Client\Text-To-Speech\FileName.cpp(561,38): warning C4566: символ, представленный универсальным именем символа "\u2705", невозможно представить в текущей кодовой странице (1251)
C:\Users\Student\Documents\GitHub\MCG\Client\Text-To-Speech\FileName.cpp(568,38): warning C4566: символ, представленный универсальным именем символа "\u2705", невозможно представить в текущей кодовой странице (1251)
C:\Users\Student\Documents\GitHub\MCG\Client\Text-To-Speech\FileName.cpp(581,26): warning C4566: символ, представленный универсальным именем символа "\u26A0", невозможно представить в текущей кодовой странице (1251)
C:\Users\Student\Documents\GitHub\MCG\Client\Text-To-Speech\FileName.cpp(581,26): warning C4566: символ, представленный универсальным именем символа "\uFE0F", невозможно представить в текущей кодовой странице (1251)
C:\Users\Student\Documents\GitHub\MCG\Client\Text-To-Speech\FileName.cpp(624,26): warning C4566: символ, представленный универсальным именем символа "\U0001F50A", невозможно представить в текущей кодовой странице (1251)
C:\Users\Student\Documents\GitHub\MCG\Client\Text-To-Speech\FileName.cpp(628,26): warning C4566: символ, представленный универсальным именем символа "\u23EF", невозможно представить в текущей кодовой странице (1251)
C:\Users\Student\Documents\GitHub\MCG\Client\Text-To-Speech\FileName.cpp(628,26): warning C4566: символ, представленный универсальным именем символа "\uFE0F", невозможно представить в текущей кодовой странице (1251)
C:\Users\Student\Documents\GitHub\MCG\Client\Text-To-Speech\FileName.cpp(635,26): warning C4566: символ, представленный универсальным именем символа "\U0001F524", невозможно представить в текущей кодовой странице (1251)
C:\Users\Student\Documents\GitHub\MCG\Client\Text-To-Speech\FileName.cpp(638,26): warning C4566: символ, представленный универсальным именем символа "\U0001F521", невозможно представить в текущей кодовой странице (1251)
C:\Users\Student\Documents\GitHub\MCG\Client\Text-To-Speech\FileName.cpp(645,26): warning C4566: символ, представленный универсальным именем символа "\U0001F522", невозможно представить в текущей кодовой странице (1251)
C:\Users\Student\Documents\GitHub\MCG\Client\Text-To-Speech\FileName.cpp(645,26): warning C4566: символ, представленный универсальным именем символа "\u2192", невозможно представить в текущей кодовой странице (1251)
C:\Users\Student\Documents\GitHub\MCG\Client\Text-To-Speech\FileName.cpp(648,26): warning C4566: символ, представленный универсальным именем символа "\U0001F522", невозможно представить в текущей кодовой странице (1251)
C:\Users\Student\Documents\GitHub\MCG\Client\Text-To-Speech\FileName.cpp(648,26): warning C4566: символ, представленный универсальным именем символа "\u2192", невозможно представить в текущей кодовой странице (1251)
C:\Users\Student\Documents\GitHub\MCG\Client\Text-To-Speech\FileName.cpp(658,26): warning C4566: символ, представленный универсальным именем символа "\U0001F504", невозможно представить в текущей кодовой странице (1251)
C:\Users\Student\Documents\GitHub\MCG\Client\Text-To-Speech\FileName.cpp(661,26): warning C4566: символ, представленный универсальным именем символа "\U0001F504", невозможно представить в текущей кодовой странице (1251)
C:\Users\Student\Documents\GitHub\MCG\Client\Text-To-Speech\FileName.cpp(664,26): warning C4566: символ, представленный универсальным именем символа "\U0001F504", невозможно представить в текущей кодовой странице (1251)
C:\Users\Student\Documents\GitHub\MCG\Client\Text-To-Speech\FileName.cpp(794,22): warning C4566: символ, представленный универсальным именем символа "\U0001F3A4", невозможно представить в текущей кодовой странице (1251)
C:\Users\Student\Documents\GitHub\MCG\Client\Text-To-Speech\FileName.cpp(795,22): warning C4566: символ, представленный универсальным именем символа "\u25B6", невозможно представить в текущей кодовой странице (1251)
C:\Users\Student\Documents\GitHub\MCG\Client\Text-To-Speech\FileName.cpp(795,22): warning C4566: символ, представленный универсальным именем символа "\uFE0F", невозможно представить в текущей кодовой странице (1251)
C:\Users\Student\Documents\GitHub\MCG\Client\Text-To-Speech\FileName.cpp(843,22): warning C4566: символ, представленный универсальным именем символа "\u2705", невозможно представить в текущей кодовой странице (1251)
C:\Users\Student\Documents\GitHub\MCG\Client\Text-To-Speech\FileName.cpp(854,26): warning C4566: символ, представленный универсальным именем символа "\U0001F4E2", невозможно представить в текущей кодовой странице (1251)
C:\Users\Student\Documents\GitHub\MCG\Client\Text-To-Speech\FileName.cpp(864,30): warning C4566: символ, представленный универсальным именем символа "\u2705", невозможно представить в текущей кодовой странице (1251)
C:\Users\Student\Documents\GitHub\MCG\Client\Text-To-Speech\FileName.cpp(869,26): warning C4566: символ, представленный универсальным именем символа "\U0001F522", невозможно представить в текущей кодовой странице (1251)
C:\Users\Student\Documents\GitHub\MCG\Client\Text-To-Speech\FileName.cpp(876,26): warning C4566: символ, представленный универсальным именем символа "\U0001F4DA", невозможно представить в текущей кодовой странице (1251)
C:\Users\Student\Documents\GitHub\MCG\Client\Text-To-Speech\FileName.cpp(883,26): warning C4566: символ, представленный универсальным именем символа "\U0001F524", невозможно представить в текущей кодовой странице (1251)
C:\Users\Student\Documents\GitHub\MCG\Client\Text-To-Speech\FileName.cpp(892,26): warning C4566: символ, представленный универсальным именем символа "\U0001F523", невозможно представить в текущей кодовой странице (1251)
C:\Users\Student\Documents\GitHub\MCG\Client\Text-To-Speech\FileName.cpp(921,18): warning C4566: символ, представленный универсальным именем символа "\U0001F4DD", невозможно представить в текущей кодовой странице (1251)
C:\Users\Student\Documents\GitHub\MCG\Client\Text-To-Speech\FileName.cpp(933,22): warning C4566: символ, представленный универсальным именем символа "\U0001F524", невозможно представить в текущей кодовой странице (1251)
C:\Users\Student\Documents\GitHub\MCG\Client\Text-To-Speech\FileName.cpp(938,26): warning C4566: символ, представленный универсальным именем символа "\U0001F44B", невозможно представить в текущей кодовой странице (1251)
C:\Users\Student\Documents\GitHub\MCG\Client\Text-To-Speech\FileName.cpp(948,26): warning C4566: символ, представленный универсальным именем символа "\u26A0", невозможно представить в текущей кодовой странице (1251)
C:\Users\Student\Documents\GitHub\MCG\Client\Text-To-Speech\FileName.cpp(948,26): warning C4566: символ, представленный универсальным именем символа "\uFE0F", невозможно представить в текущей кодовой странице (1251)
  Project1.vcxproj -> C:\Users\Student\Documents\GitHub\MCG\Client\Text-To-Speech\x64\Debug\Project1.exe
